     1 00000000                                 [FORMAT "WCOFF"]
     2 00000000                                 [INSTRSET "i486p"]
     3 00000000                                 [OPTIMIZE 1]
     4 00000000                                 [OPTION 1]
     5 00000000                                 [BITS 32]
     6 00000000                                 	EXTERN	_mm_alloc
     7 00000000                                 	EXTERN	_mm_free
     8 00000000                                 [FILE "sheet.c"]
     9                                          [SECTION .text]
    10 00000000                                 	GLOBAL	_shtctl_init
    11 00000000                                 _shtctl_init:
    12 00000000 55                              	PUSH	EBP
    13 00000001 89 E5                           	MOV	EBP,ESP
    14 00000003 57                              	PUSH	EDI
    15 00000004 56                              	PUSH	ESI
    16 00000005 53                              	PUSH	EBX
    17 00000006 8B 7D 08                        	MOV	EDI,DWORD [8+EBP]
    18 00000009 68 00002814                     	PUSH	10260
    19 0000000E 8B 75 10                        	MOV	ESI,DWORD [16+EBP]
    20 00000011 57                              	PUSH	EDI
    21 00000012 E8 [00000000]                   	CALL	_mm_alloc
    22 00000017 89 C3                           	MOV	EBX,EAX
    23 00000019 58                              	POP	EAX
    24 0000001A 5A                              	POP	EDX
    25 0000001B 31 C0                           	XOR	EAX,EAX
    26 0000001D 85 DB                           	TEST	EBX,EBX
    27 0000001F 74 49                           	JE	L1
    28 00000021 8B 45 0C                        	MOV	EAX,DWORD [12+EBP]
    29 00000024 89 73 08                        	MOV	DWORD [8+EBX],ESI
    30 00000027 89 03                           	MOV	DWORD [EBX],EAX
    31 00000029 8B 45 14                        	MOV	EAX,DWORD [20+EBP]
    32 0000002C 0F AF F0                        	IMUL	ESI,EAX
    33 0000002F 89 43 0C                        	MOV	DWORD [12+EBX],EAX
    34 00000032 56                              	PUSH	ESI
    35 00000033 57                              	PUSH	EDI
    36 00000034 E8 [00000000]                   	CALL	_mm_alloc
    37 00000039 C7 43 10 FFFFFFFF               	MOV	DWORD [16+EBX],-1
    38 00000040 89 43 04                        	MOV	DWORD [4+EBX],EAX
    39 00000043 85 C0                           	TEST	EAX,EAX
    40 00000045 5A                              	POP	EDX
    41 00000046 59                              	POP	ECX
    42 00000047 74 29                           	JE	L12
    43 00000049 89 D8                           	MOV	EAX,EBX
    44 0000004B 8D 93 000023DC                  	LEA	EDX,DWORD [9180+EBX]
    45 00000051                                 L8:
    46 00000051 C7 80 00000430 00000000         	MOV	DWORD [1072+EAX],0
    47 0000005B 89 98 00000434                  	MOV	DWORD [1076+EAX],EBX
    48 00000061 83 C0 24                        	ADD	EAX,36
    49 00000064 39 D0                           	CMP	EAX,EDX
    50 00000066 7E E9                           	JLE	L8
    51 00000068                                 L11:
    52 00000068 89 D8                           	MOV	EAX,EBX
    53 0000006A                                 L1:
    54 0000006A 8D 65 F4                        	LEA	ESP,DWORD [-12+EBP]
    55 0000006D 5B                              	POP	EBX
    56 0000006E 5E                              	POP	ESI
    57 0000006F 5F                              	POP	EDI
    58 00000070 5D                              	POP	EBP
    59 00000071 C3                              	RET
    60 00000072                                 L12:
    61 00000072 6A 00                           	PUSH	0
    62 00000074 57                              	PUSH	EDI
    63 00000075 E8 [00000000]                   	CALL	_mm_free
    64 0000007A EB EC                           	JMP	L11
    65 0000007C                                 	GLOBAL	_sheet_alloc
    66 0000007C                                 _sheet_alloc:
    67 0000007C 55                              	PUSH	EBP
    68 0000007D 31 D2                           	XOR	EDX,EDX
    69 0000007F 89 E5                           	MOV	EBP,ESP
    70 00000081 8B 45 08                        	MOV	EAX,DWORD [8+EBP]
    71 00000084 05 00000414                     	ADD	EAX,1044
    72 00000089                                 L19:
    73 00000089 83 78 1C 00                     	CMP	DWORD [28+EAX],0
    74 0000008D 74 10                           	JE	L22
    75 0000008F 42                              	INC	EDX
    76 00000090 83 C0 24                        	ADD	EAX,36
    77 00000093 81 FA 000000FF                  	CMP	EDX,255
    78 00000099 7E EE                           	JLE	L19
    79 0000009B 31 C0                           	XOR	EAX,EAX
    80 0000009D                                 L13:
    81 0000009D 5D                              	POP	EBP
    82 0000009E C3                              	RET
    83 0000009F                                 L22:
    84 0000009F C7 40 1C 00000001               	MOV	DWORD [28+EAX],1
    85 000000A6 C7 40 18 FFFFFFFF               	MOV	DWORD [24+EAX],-1
    86 000000AD EB EE                           	JMP	L13
    87 000000AF                                 	GLOBAL	_sheet_init
    88 000000AF                                 _sheet_init:
    89 000000AF 55                              	PUSH	EBP
    90 000000B0 89 E5                           	MOV	EBP,ESP
    91 000000B2 8B 55 08                        	MOV	EDX,DWORD [8+EBP]
    92 000000B5 8B 45 0C                        	MOV	EAX,DWORD [12+EBP]
    93 000000B8 89 02                           	MOV	DWORD [EDX],EAX
    94 000000BA 8B 45 10                        	MOV	EAX,DWORD [16+EBP]
    95 000000BD 89 42 04                        	MOV	DWORD [4+EDX],EAX
    96 000000C0 8B 45 14                        	MOV	EAX,DWORD [20+EBP]
    97 000000C3 89 42 08                        	MOV	DWORD [8+EDX],EAX
    98 000000C6 8B 45 18                        	MOV	EAX,DWORD [24+EBP]
    99 000000C9 89 42 14                        	MOV	DWORD [20+EDX],EAX
   100 000000CC C7 42 0C 00000000               	MOV	DWORD [12+EDX],0
   101 000000D3 C7 42 10 00000000               	MOV	DWORD [16+EDX],0
   102 000000DA 5D                              	POP	EBP
   103 000000DB C3                              	RET
   104 000000DC                                 	GLOBAL	_sheet_updown
   105 000000DC                                 _sheet_updown:
   106 000000DC 55                              	PUSH	EBP
   107 000000DD 89 E5                           	MOV	EBP,ESP
   108 000000DF 57                              	PUSH	EDI
   109 000000E0 56                              	PUSH	ESI
   110 000000E1 53                              	PUSH	EBX
   111 000000E2 51                              	PUSH	ECX
   112 000000E3 51                              	PUSH	ECX
   113 000000E4 8B 45 08                        	MOV	EAX,DWORD [8+EBP]
   114 000000E7 8B 5D 0C                        	MOV	EBX,DWORD [12+EBP]
   115 000000EA 8B 70 20                        	MOV	ESI,DWORD [32+EAX]
   116 000000ED 8B 46 10                        	MOV	EAX,DWORD [16+ESI]
   117 000000F0 40                              	INC	EAX
   118 000000F1 39 C3                           	CMP	EBX,EAX
   119 000000F3 7E 02                           	JLE	L25
   120 000000F5 89 C3                           	MOV	EBX,EAX
   121 000000F7                                 L25:
   122 000000F7 83 FB FF                        	CMP	EBX,-1
   123 000000FA 7D 03                           	JGE	L26
   124 000000FC 83 CB FF                        	OR	EBX,-1
   125 000000FF                                 L26:
   126 000000FF 8B 55 08                        	MOV	EDX,DWORD [8+EBP]
   127 00000102 8B 7A 18                        	MOV	EDI,DWORD [24+EDX]
   128 00000105 89 5A 18                        	MOV	DWORD [24+EDX],EBX
   129 00000108 39 DF                           	CMP	EDI,EBX
   130 0000010A 0F 8E 000000C1                  	JLE	L27
   131 00000110 85 DB                           	TEST	EBX,EBX
   132 00000112 78 67                           	JS	L28
   133 00000114 89 FA                           	MOV	EDX,EDI
   134 00000116                                 L33:
   135 00000116 8B 44 96 10                     	MOV	EAX,DWORD [16+ESI+EDX*4]
   136 0000011A 89 44 96 14                     	MOV	DWORD [20+ESI+EDX*4],EAX
   137 0000011E 89 50 18                        	MOV	DWORD [24+EAX],EDX
   138 00000121 4A                              	DEC	EDX
   139 00000122 39 DA                           	CMP	EDX,EBX
   140 00000124 7F F0                           	JG	L33
   141 00000126 8B 45 08                        	MOV	EAX,DWORD [8+EBP]
   142 00000129 43                              	INC	EBX
   143 0000012A 89 44 96 14                     	MOV	DWORD [20+ESI+EDX*4],EAX
   144 0000012E 8B 55 08                        	MOV	EDX,DWORD [8+EBP]
   145 00000131 53                              	PUSH	EBX
   146 00000132 8B 48 10                        	MOV	ECX,DWORD [16+EAX]
   147 00000135 89 C8                           	MOV	EAX,ECX
   148 00000137 03 42 08                        	ADD	EAX,DWORD [8+EDX]
   149 0000013A 50                              	PUSH	EAX
   150 0000013B 8B 42 0C                        	MOV	EAX,DWORD [12+EDX]
   151 0000013E 89 45 EC                        	MOV	DWORD [-20+EBP],EAX
   152 00000141 03 42 04                        	ADD	EAX,DWORD [4+EDX]
   153 00000144 50                              	PUSH	EAX
   154 00000145 51                              	PUSH	ECX
   155 00000146 FF 75 EC                        	PUSH	DWORD [-20+EBP]
   156 00000149 56                              	PUSH	ESI
   157 0000014A E8 00000103                     	CALL	_sheet_refreshmap
   158 0000014F 8B 55 08                        	MOV	EDX,DWORD [8+EBP]
   159 00000152 57                              	PUSH	EDI
   160 00000153 53                              	PUSH	EBX
   161 00000154 89 D3                           	MOV	EBX,EDX
   162 00000156 8B 4A 10                        	MOV	ECX,DWORD [16+EDX]
   163 00000159 89 C8                           	MOV	EAX,ECX
   164 0000015B 03 42 08                        	ADD	EAX,DWORD [8+EDX]
   165 0000015E 50                              	PUSH	EAX
   166 0000015F                                 L63:
   167 0000015F 8B 53 0C                        	MOV	EDX,DWORD [12+EBX]
   168 00000162 89 D0                           	MOV	EAX,EDX
   169 00000164 03 43 04                        	ADD	EAX,DWORD [4+EBX]
   170 00000167                                 L62:
   171 00000167 50                              	PUSH	EAX
   172 00000168 51                              	PUSH	ECX
   173 00000169 52                              	PUSH	EDX
   174 0000016A 56                              	PUSH	ESI
   175 0000016B E8 0000023F                     	CALL	_sheet_refreshsub
   176 00000170 83 C4 34                        	ADD	ESP,52
   177 00000173                                 L24:
   178 00000173 8D 65 F4                        	LEA	ESP,DWORD [-12+EBP]
   179 00000176 5B                              	POP	EBX
   180 00000177 5E                              	POP	ESI
   181 00000178 5F                              	POP	EDI
   182 00000179 5D                              	POP	EBP
   183 0000017A C3                              	RET
   184 0000017B                                 L28:
   185 0000017B 8B 46 10                        	MOV	EAX,DWORD [16+ESI]
   186 0000017E 39 F8                           	CMP	EAX,EDI
   187 00000180 7E 17                           	JLE	L35
   188 00000182 89 FA                           	MOV	EDX,EDI
   189 00000184 39 C7                           	CMP	EDI,EAX
   190 00000186 7D 11                           	JGE	L35
   191 00000188                                 L40:
   192 00000188 8B 44 96 18                     	MOV	EAX,DWORD [24+ESI+EDX*4]
   193 0000018C 89 44 96 14                     	MOV	DWORD [20+ESI+EDX*4],EAX
   194 00000190 89 50 18                        	MOV	DWORD [24+EAX],EDX
   195 00000193 42                              	INC	EDX
   196 00000194 3B 56 10                        	CMP	EDX,DWORD [16+ESI]
   197 00000197 7C EF                           	JL	L40
   198 00000199                                 L35:
   199 00000199 8B 45 08                        	MOV	EAX,DWORD [8+EBP]
   200 0000019C FF 4E 10                        	DEC	DWORD [16+ESI]
   201 0000019F 6A 00                           	PUSH	0
   202 000001A1 8B 55 08                        	MOV	EDX,DWORD [8+EBP]
   203 000001A4 8B 48 10                        	MOV	ECX,DWORD [16+EAX]
   204 000001A7 89 D3                           	MOV	EBX,EDX
   205 000001A9 89 C8                           	MOV	EAX,ECX
   206 000001AB 03 42 08                        	ADD	EAX,DWORD [8+EDX]
   207 000001AE 50                              	PUSH	EAX
   208 000001AF 8B 52 0C                        	MOV	EDX,DWORD [12+EDX]
   209 000001B2 89 D0                           	MOV	EAX,EDX
   210 000001B4 03 43 04                        	ADD	EAX,DWORD [4+EBX]
   211 000001B7 50                              	PUSH	EAX
   212 000001B8 51                              	PUSH	ECX
   213 000001B9 52                              	PUSH	EDX
   214 000001BA 56                              	PUSH	ESI
   215 000001BB E8 00000092                     	CALL	_sheet_refreshmap
   216 000001C0 8D 47 FF                        	LEA	EAX,DWORD [-1+EDI]
   217 000001C3 50                              	PUSH	EAX
   218 000001C4 6A 00                           	PUSH	0
   219 000001C6 8B 4B 10                        	MOV	ECX,DWORD [16+EBX]
   220 000001C9 89 C8                           	MOV	EAX,ECX
   221 000001CB 03 43 08                        	ADD	EAX,DWORD [8+EBX]
   222 000001CE 50                              	PUSH	EAX
   223 000001CF EB 8E                           	JMP	L63
   224 000001D1                                 L27:
   225 000001D1 39 DF                           	CMP	EDI,EBX
   226 000001D3 7D 9E                           	JGE	L24
   227 000001D5 85 FF                           	TEST	EDI,EDI
   228 000001D7 78 55                           	JS	L43
   229 000001D9 89 FA                           	MOV	EDX,EDI
   230 000001DB 39 DF                           	CMP	EDI,EBX
   231 000001DD 7D 10                           	JGE	L59
   232 000001DF                                 L48:
   233 000001DF 8B 44 96 18                     	MOV	EAX,DWORD [24+ESI+EDX*4]
   234 000001E3 89 44 96 14                     	MOV	DWORD [20+ESI+EDX*4],EAX
   235 000001E7 89 50 18                        	MOV	DWORD [24+EAX],EDX
   236 000001EA 42                              	INC	EDX
   237 000001EB 39 DA                           	CMP	EDX,EBX
   238 000001ED 7C F0                           	JL	L48
   239 000001EF                                 L59:
   240 000001EF 8B 7D 08                        	MOV	EDI,DWORD [8+EBP]
   241 000001F2 89 7C 96 14                     	MOV	DWORD [20+ESI+EDX*4],EDI
   242 000001F6                                 L49:
   243 000001F6 8B 55 08                        	MOV	EDX,DWORD [8+EBP]
   244 000001F9 53                              	PUSH	EBX
   245 000001FA 89 D7                           	MOV	EDI,EDX
   246 000001FC 8B 4A 10                        	MOV	ECX,DWORD [16+EDX]
   247 000001FF 89 C8                           	MOV	EAX,ECX
   248 00000201 03 42 08                        	ADD	EAX,DWORD [8+EDX]
   249 00000204 50                              	PUSH	EAX
   250 00000205 8B 52 0C                        	MOV	EDX,DWORD [12+EDX]
   251 00000208 89 D0                           	MOV	EAX,EDX
   252 0000020A 03 47 04                        	ADD	EAX,DWORD [4+EDI]
   253 0000020D 50                              	PUSH	EAX
   254 0000020E 51                              	PUSH	ECX
   255 0000020F 52                              	PUSH	EDX
   256 00000210 56                              	PUSH	ESI
   257 00000211 E8 0000003C                     	CALL	_sheet_refreshmap
   258 00000216 53                              	PUSH	EBX
   259 00000217 53                              	PUSH	EBX
   260 00000218 8B 4F 10                        	MOV	ECX,DWORD [16+EDI]
   261 0000021B 89 C8                           	MOV	EAX,ECX
   262 0000021D 03 47 08                        	ADD	EAX,DWORD [8+EDI]
   263 00000220 50                              	PUSH	EAX
   264 00000221 8B 57 0C                        	MOV	EDX,DWORD [12+EDI]
   265 00000224 89 D0                           	MOV	EAX,EDX
   266 00000226 03 47 04                        	ADD	EAX,DWORD [4+EDI]
   267 00000229 E9 FFFFFF39                     	JMP	L62
   268 0000022E                                 L43:
   269 0000022E 8B 56 10                        	MOV	EDX,DWORD [16+ESI]
   270 00000231 42                              	INC	EDX
   271 00000232 39 DA                           	CMP	EDX,EBX
   272 00000234 7E 10                           	JLE	L61
   273 00000236                                 L54:
   274 00000236 8B 44 96 10                     	MOV	EAX,DWORD [16+ESI+EDX*4]
   275 0000023A 89 44 96 14                     	MOV	DWORD [20+ESI+EDX*4],EAX
   276 0000023E 89 50 18                        	MOV	DWORD [24+EAX],EDX
   277 00000241 4A                              	DEC	EDX
   278 00000242 39 DA                           	CMP	EDX,EBX
   279 00000244 7F F0                           	JG	L54
   280 00000246                                 L61:
   281 00000246 8B 45 08                        	MOV	EAX,DWORD [8+EBP]
   282 00000249 FF 46 10                        	INC	DWORD [16+ESI]
   283 0000024C 89 44 96 14                     	MOV	DWORD [20+ESI+EDX*4],EAX
   284 00000250 EB A4                           	JMP	L49
   285 00000252                                 	GLOBAL	_sheet_refreshmap
   286 00000252                                 _sheet_refreshmap:
   287 00000252 55                              	PUSH	EBP
   288 00000253 89 E5                           	MOV	EBP,ESP
   289 00000255 57                              	PUSH	EDI
   290 00000256 56                              	PUSH	ESI
   291 00000257 53                              	PUSH	EBX
   292 00000258 83 EC 28                        	SUB	ESP,40
   293 0000025B 8B 45 08                        	MOV	EAX,DWORD [8+EBP]
   294 0000025E 83 7D 0C 00                     	CMP	DWORD [12+EBP],0
   295 00000262 8B 40 04                        	MOV	EAX,DWORD [4+EAX]
   296 00000265 89 45 F0                        	MOV	DWORD [-16+EBP],EAX
   297 00000268 0F 88 00000135                  	JS	L95
   298 0000026E                                 L65:
   299 0000026E 83 7D 10 00                     	CMP	DWORD [16+EBP],0
   300 00000272 0F 88 0000011F                  	JS	L96
   301 00000278                                 L66:
   302 00000278 8B 55 08                        	MOV	EDX,DWORD [8+EBP]
   303 0000027B 8B 42 08                        	MOV	EAX,DWORD [8+EDX]
   304 0000027E 39 45 14                        	CMP	DWORD [20+EBP],EAX
   305 00000281 7E 03                           	JLE	L67
   306 00000283 89 45 14                        	MOV	DWORD [20+EBP],EAX
   307 00000286                                 L67:
   308 00000286 8B 5D 08                        	MOV	EBX,DWORD [8+EBP]
   309 00000289 8B 43 0C                        	MOV	EAX,DWORD [12+EBX]
   310 0000028C 39 45 18                        	CMP	DWORD [24+EBP],EAX
   311 0000028F 7E 03                           	JLE	L68
   312 00000291 89 45 18                        	MOV	DWORD [24+EBP],EAX
   313 00000294                                 L68:
   314 00000294 8B 7D 08                        	MOV	EDI,DWORD [8+EBP]
   315 00000297 8B 75 1C                        	MOV	ESI,DWORD [28+EBP]
   316 0000029A 89 75 D8                        	MOV	DWORD [-40+EBP],ESI
   317 0000029D 3B 77 10                        	CMP	ESI,DWORD [16+EDI]
   318 000002A0 0F 8F 000000D6                  	JG	L90
   319 000002A6                                 L88:
   320 000002A6 8B 45 D8                        	MOV	EAX,DWORD [-40+EBP]
   321 000002A9 8B 55 08                        	MOV	EDX,DWORD [8+EBP]
   322 000002AC 8B 7D 18                        	MOV	EDI,DWORD [24+EBP]
   323 000002AF 8B 75 14                        	MOV	ESI,DWORD [20+EBP]
   324 000002B2 8B 4C 82 14                     	MOV	ECX,DWORD [20+EDX+EAX*4]
   325 000002B6 8B 19                           	MOV	EBX,DWORD [ECX]
   326 000002B8 8B 51 10                        	MOV	EDX,DWORD [16+ECX]
   327 000002BB 89 5D EC                        	MOV	DWORD [-20+EBP],EBX
   328 000002BE 29 D7                           	SUB	EDI,EDX
   329 000002C0 8B 5D 10                        	MOV	EBX,DWORD [16+EBP]
   330 000002C3 8B 41 0C                        	MOV	EAX,DWORD [12+ECX]
   331 000002C6 29 D3                           	SUB	EBX,EDX
   332 000002C8 29 C6                           	SUB	ESI,EAX
   333 000002CA 8B 55 0C                        	MOV	EDX,DWORD [12+EBP]
   334 000002CD 89 75 E4                        	MOV	DWORD [-28+EBP],ESI
   335 000002D0 29 C2                           	SUB	EDX,EAX
   336 000002D2 89 7D E0                        	MOV	DWORD [-32+EBP],EDI
   337 000002D5 89 55 E8                        	MOV	DWORD [-24+EBP],EDX
   338 000002D8 0F 88 000000AD                  	JS	L97
   339 000002DE                                 L73:
   340 000002DE 85 DB                           	TEST	EBX,EBX
   341 000002E0 0F 88 0000009E                  	JS	L98
   342 000002E6                                 L74:
   343 000002E6 8B 41 04                        	MOV	EAX,DWORD [4+ECX]
   344 000002E9 39 45 E4                        	CMP	DWORD [-28+EBP],EAX
   345 000002EC 7E 03                           	JLE	L75
   346 000002EE 89 45 E4                        	MOV	DWORD [-28+EBP],EAX
   347 000002F1                                 L75:
   348 000002F1 8B 41 08                        	MOV	EAX,DWORD [8+ECX]
   349 000002F4 39 45 E0                        	CMP	DWORD [-32+EBP],EAX
   350 000002F7 7E 03                           	JLE	L76
   351 000002F9 89 45 E0                        	MOV	DWORD [-32+EBP],EAX
   352 000002FC                                 L76:
   353 000002FC 89 C8                           	MOV	EAX,ECX
   354 000002FE 89 DE                           	MOV	ESI,EBX
   355 00000300 2B 45 08                        	SUB	EAX,DWORD [8+EBP]
   356 00000303 2D 00000414                     	SUB	EAX,1044
   357 00000308 C1 F8 02                        	SAR	EAX,2
   358 0000030B 69 C0 38E38E39                  	IMUL	EAX,EAX,954437177
   359 00000311 3B 5D E0                        	CMP	EBX,DWORD [-32+EBP]
   360 00000314 89 45 D4                        	MOV	DWORD [-44+EBP],EAX
   361 00000317 7D 51                           	JGE	L92
   362 00000319                                 L87:
   363 00000319 8B 59 10                        	MOV	EBX,DWORD [16+ECX]
   364 0000031C 8B 7D 08                        	MOV	EDI,DWORD [8+EBP]
   365 0000031F 01 F3                           	ADD	EBX,ESI
   366 00000321 89 F0                           	MOV	EAX,ESI
   367 00000323 0F AF 5F 08                     	IMUL	EBX,DWORD [8+EDI]
   368 00000327 8B 55 E8                        	MOV	EDX,DWORD [-24+EBP]
   369 0000032A 89 5D DC                        	MOV	DWORD [-36+EBP],EBX
   370 0000032D 0F AF 41 04                     	IMUL	EAX,DWORD [4+ECX]
   371 00000331 3B 55 E4                        	CMP	EDX,DWORD [-28+EBP]
   372 00000334 7D 2E                           	JGE	L94
   373 00000336 03 45 EC                        	ADD	EAX,DWORD [-20+EBP]
   374 00000339 8D 04 10                        	LEA	EAX,DWORD [EAX+EDX*1]
   375 0000033C 89 45 CC                        	MOV	DWORD [-52+EBP],EAX
   376 0000033F                                 L86:
   377 0000033F 8B 5D CC                        	MOV	EBX,DWORD [-52+EBP]
   378 00000342 89 D7                           	MOV	EDI,EDX
   379 00000344 03 79 0C                        	ADD	EDI,DWORD [12+ECX]
   380 00000347 0F B6 03                        	MOVZX	EAX,BYTE [EBX]
   381 0000034A 3B 41 14                        	CMP	EAX,DWORD [20+ECX]
   382 0000034D 74 0C                           	JE	L83
   383 0000034F 03 7D DC                        	ADD	EDI,DWORD [-36+EBP]
   384 00000352 8B 5D F0                        	MOV	EBX,DWORD [-16+EBP]
   385 00000355 8A 45 D4                        	MOV	AL,BYTE [-44+EBP]
   386 00000358 88 04 1F                        	MOV	BYTE [EDI+EBX*1],AL
   387 0000035B                                 L83:
   388 0000035B 42                              	INC	EDX
   389 0000035C FF 45 CC                        	INC	DWORD [-52+EBP]
   390 0000035F 3B 55 E4                        	CMP	EDX,DWORD [-28+EBP]
   391 00000362 7C DB                           	JL	L86
   392 00000364                                 L94:
   393 00000364 46                              	INC	ESI
   394 00000365 3B 75 E0                        	CMP	ESI,DWORD [-32+EBP]
   395 00000368 7C AF                           	JL	L87
   396 0000036A                                 L92:
   397 0000036A 8B 7D 08                        	MOV	EDI,DWORD [8+EBP]
   398 0000036D FF 45 D8                        	INC	DWORD [-40+EBP]
   399 00000370 8B 75 D8                        	MOV	ESI,DWORD [-40+EBP]
   400 00000373 3B 77 10                        	CMP	ESI,DWORD [16+EDI]
   401 00000376 0F 8E FFFFFF2A                  	JLE	L88
   402 0000037C                                 L90:
   403 0000037C 83 C4 28                        	ADD	ESP,40
   404 0000037F 5B                              	POP	EBX
   405 00000380 5E                              	POP	ESI
   406 00000381 5F                              	POP	EDI
   407 00000382 5D                              	POP	EBP
   408 00000383 C3                              	RET
   409 00000384                                 L98:
   410 00000384 31 DB                           	XOR	EBX,EBX
   411 00000386 E9 FFFFFF5B                     	JMP	L74
   412 0000038B                                 L97:
   413 0000038B C7 45 E8 00000000               	MOV	DWORD [-24+EBP],0
   414 00000392 E9 FFFFFF47                     	JMP	L73
   415 00000397                                 L96:
   416 00000397 C7 45 10 00000000               	MOV	DWORD [16+EBP],0
   417 0000039E E9 FFFFFED5                     	JMP	L66
   418 000003A3                                 L95:
   419 000003A3 C7 45 0C 00000000               	MOV	DWORD [12+EBP],0
   420 000003AA E9 FFFFFEBF                     	JMP	L65
   421 000003AF                                 	GLOBAL	_sheet_refreshsub
   422 000003AF                                 _sheet_refreshsub:
   423 000003AF 55                              	PUSH	EBP
   424 000003B0 89 E5                           	MOV	EBP,ESP
   425 000003B2 57                              	PUSH	EDI
   426 000003B3 56                              	PUSH	ESI
   427 000003B4 53                              	PUSH	EBX
   428 000003B5 83 EC 34                        	SUB	ESP,52
   429 000003B8 8B 45 08                        	MOV	EAX,DWORD [8+EBP]
   430 000003BB 8B 55 08                        	MOV	EDX,DWORD [8+EBP]
   431 000003BE 83 7D 0C 00                     	CMP	DWORD [12+EBP],0
   432 000003C2 8B 00                           	MOV	EAX,DWORD [EAX]
   433 000003C4 8B 52 04                        	MOV	EDX,DWORD [4+EDX]
   434 000003C7 89 45 F0                        	MOV	DWORD [-16+EBP],EAX
   435 000003CA 89 55 EC                        	MOV	DWORD [-20+EBP],EDX
   436 000003CD 0F 88 00000141                  	JS	L130
   437 000003D3                                 L100:
   438 000003D3 83 7D 10 00                     	CMP	DWORD [16+EBP],0
   439 000003D7 0F 88 0000012B                  	JS	L131
   440 000003DD                                 L101:
   441 000003DD 8B 4D 08                        	MOV	ECX,DWORD [8+EBP]
   442 000003E0 8B 41 08                        	MOV	EAX,DWORD [8+ECX]
   443 000003E3 39 45 14                        	CMP	DWORD [20+EBP],EAX
   444 000003E6 7E 03                           	JLE	L102
   445 000003E8 89 45 14                        	MOV	DWORD [20+EBP],EAX
   446 000003EB                                 L102:
   447 000003EB 8B 75 08                        	MOV	ESI,DWORD [8+EBP]
   448 000003EE 8B 46 0C                        	MOV	EAX,DWORD [12+ESI]
   449 000003F1 39 45 18                        	CMP	DWORD [24+EBP],EAX
   450 000003F4 7E 03                           	JLE	L103
   451 000003F6 89 45 18                        	MOV	DWORD [24+EBP],EAX
   452 000003F9                                 L103:
   453 000003F9 8B 45 1C                        	MOV	EAX,DWORD [28+EBP]
   454 000003FC 8B 55 20                        	MOV	EDX,DWORD [32+EBP]
   455 000003FF 89 45 D0                        	MOV	DWORD [-48+EBP],EAX
   456 00000402 39 D0                           	CMP	EAX,EDX
   457 00000404 0F 8F 000000D8                  	JG	L125
   458 0000040A                                 L123:
   459 0000040A 8B 4D D0                        	MOV	ECX,DWORD [-48+EBP]
   460 0000040D 8B 75 08                        	MOV	ESI,DWORD [8+EBP]
   461 00000410 8B 5C 8E 14                     	MOV	EBX,DWORD [20+ESI+ECX*4]
   462 00000414 8B 75 14                        	MOV	ESI,DWORD [20+EBP]
   463 00000417 8B 4D 10                        	MOV	ECX,DWORD [16+EBP]
   464 0000041A 8B 03                           	MOV	EAX,DWORD [EBX]
   465 0000041C 8B 53 10                        	MOV	EDX,DWORD [16+EBX]
   466 0000041F 89 45 E8                        	MOV	DWORD [-24+EBP],EAX
   467 00000422 29 D1                           	SUB	ECX,EDX
   468 00000424 8B 43 0C                        	MOV	EAX,DWORD [12+EBX]
   469 00000427 29 C6                           	SUB	ESI,EAX
   470 00000429 89 75 DC                        	MOV	DWORD [-36+EBP],ESI
   471 0000042C 8B 75 18                        	MOV	ESI,DWORD [24+EBP]
   472 0000042F 29 D6                           	SUB	ESI,EDX
   473 00000431 8B 55 0C                        	MOV	EDX,DWORD [12+EBP]
   474 00000434 29 C2                           	SUB	EDX,EAX
   475 00000436 89 75 D8                        	MOV	DWORD [-40+EBP],ESI
   476 00000439 89 55 E0                        	MOV	DWORD [-32+EBP],EDX
   477 0000043C 0F 88 000000BA                  	JS	L132
   478 00000442                                 L108:
   479 00000442 85 C9                           	TEST	ECX,ECX
   480 00000444 0F 88 000000AB                  	JS	L133
   481 0000044A                                 L109:
   482 0000044A 8B 43 04                        	MOV	EAX,DWORD [4+EBX]
   483 0000044D 39 45 DC                        	CMP	DWORD [-36+EBP],EAX
   484 00000450 7E 03                           	JLE	L110
   485 00000452 89 45 DC                        	MOV	DWORD [-36+EBP],EAX
   486 00000455                                 L110:
   487 00000455 8B 43 08                        	MOV	EAX,DWORD [8+EBX]
   488 00000458 39 45 D8                        	CMP	DWORD [-40+EBP],EAX
   489 0000045B 7E 03                           	JLE	L111
   490 0000045D 89 45 D8                        	MOV	DWORD [-40+EBP],EAX
   491 00000460                                 L111:
   492 00000460 89 D8                           	MOV	EAX,EBX
   493 00000462 89 CF                           	MOV	EDI,ECX
   494 00000464 2B 45 08                        	SUB	EAX,DWORD [8+EBP]
   495 00000467 2D 00000414                     	SUB	EAX,1044
   496 0000046C C1 F8 02                        	SAR	EAX,2
   497 0000046F 69 C0 38E38E39                  	IMUL	EAX,EAX,954437177
   498 00000475 3B 4D D8                        	CMP	ECX,DWORD [-40+EBP]
   499 00000478 89 45 CC                        	MOV	DWORD [-52+EBP],EAX
   500 0000047B 7D 56                           	JGE	L127
   501 0000047D                                 L122:
   502 0000047D 8B 4B 10                        	MOV	ECX,DWORD [16+EBX]
   503 00000480 8B 75 08                        	MOV	ESI,DWORD [8+EBP]
   504 00000483 01 F9                           	ADD	ECX,EDI
   505 00000485 89 F8                           	MOV	EAX,EDI
   506 00000487 0F AF 4E 08                     	IMUL	ECX,DWORD [8+ESI]
   507 0000048B 8B 55 E0                        	MOV	EDX,DWORD [-32+EBP]
   508 0000048E 89 4D D4                        	MOV	DWORD [-44+EBP],ECX
   509 00000491 0F AF 43 04                     	IMUL	EAX,DWORD [4+EBX]
   510 00000495 3B 55 DC                        	CMP	EDX,DWORD [-36+EBP]
   511 00000498 7D 33                           	JGE	L129
   512 0000049A 03 45 E8                        	ADD	EAX,DWORD [-24+EBP]
   513 0000049D 8D 04 10                        	LEA	EAX,DWORD [EAX+EDX*1]
   514 000004A0 89 45 C0                        	MOV	DWORD [-64+EBP],EAX
   515 000004A3                                 L121:
   516 000004A3 89 D6                           	MOV	ESI,EDX
   517 000004A5 8B 45 C0                        	MOV	EAX,DWORD [-64+EBP]
   518 000004A8 03 73 0C                        	ADD	ESI,DWORD [12+EBX]
   519 000004AB 8B 4D EC                        	MOV	ECX,DWORD [-20+EBP]
   520 000004AE 8A 00                           	MOV	AL,BYTE [EAX]
   521 000004B0 03 75 D4                        	ADD	ESI,DWORD [-44+EBP]
   522 000004B3 88 45 E7                        	MOV	BYTE [-25+EBP],AL
   523 000004B6 89 75 C8                        	MOV	DWORD [-56+EBP],ESI
   524 000004B9 0F B6 0C 0E                     	MOVZX	ECX,BYTE [ESI+ECX*1]
   525 000004BD 8B 75 CC                        	MOV	ESI,DWORD [-52+EBP]
   526 000004C0 39 F1                           	CMP	ECX,ESI
   527 000004C2 74 26                           	JE	L134
   528 000004C4                                 L118:
   529 000004C4 42                              	INC	EDX
   530 000004C5 FF 45 C0                        	INC	DWORD [-64+EBP]
   531 000004C8 3B 55 DC                        	CMP	EDX,DWORD [-36+EBP]
   532 000004CB 7C D6                           	JL	L121
   533 000004CD                                 L129:
   534 000004CD 47                              	INC	EDI
   535 000004CE 3B 7D D8                        	CMP	EDI,DWORD [-40+EBP]
   536 000004D1 7C AA                           	JL	L122
   537 000004D3                                 L127:
   538 000004D3 8B 45 20                        	MOV	EAX,DWORD [32+EBP]
   539 000004D6 FF 45 D0                        	INC	DWORD [-48+EBP]
   540 000004D9 39 45 D0                        	CMP	DWORD [-48+EBP],EAX
   541 000004DC 0F 8E FFFFFF28                  	JLE	L123
   542 000004E2                                 L125:
   543 000004E2 83 C4 34                        	ADD	ESP,52
   544 000004E5 5B                              	POP	EBX
   545 000004E6 5E                              	POP	ESI
   546 000004E7 5F                              	POP	EDI
   547 000004E8 5D                              	POP	EBP
   548 000004E9 C3                              	RET
   549 000004EA                                 L134:
   550 000004EA 8B 4D F0                        	MOV	ECX,DWORD [-16+EBP]
   551 000004ED 8B 75 C8                        	MOV	ESI,DWORD [-56+EBP]
   552 000004F0 88 04 0E                        	MOV	BYTE [ESI+ECX*1],AL
   553 000004F3 EB CF                           	JMP	L118
   554 000004F5                                 L133:
   555 000004F5 31 C9                           	XOR	ECX,ECX
   556 000004F7 E9 FFFFFF4E                     	JMP	L109
   557 000004FC                                 L132:
   558 000004FC C7 45 E0 00000000               	MOV	DWORD [-32+EBP],0
   559 00000503 E9 FFFFFF3A                     	JMP	L108
   560 00000508                                 L131:
   561 00000508 C7 45 10 00000000               	MOV	DWORD [16+EBP],0
   562 0000050F E9 FFFFFEC9                     	JMP	L101
   563 00000514                                 L130:
   564 00000514 C7 45 0C 00000000               	MOV	DWORD [12+EBP],0
   565 0000051B E9 FFFFFEB3                     	JMP	L100
   566 00000520                                 	GLOBAL	_sheet_refresh
   567 00000520                                 _sheet_refresh:
   568 00000520 55                              	PUSH	EBP
   569 00000521 89 E5                           	MOV	EBP,ESP
   570 00000523 53                              	PUSH	EBX
   571 00000524 8B 55 08                        	MOV	EDX,DWORD [8+EBP]
   572 00000527 8B 42 18                        	MOV	EAX,DWORD [24+EDX]
   573 0000052A 8B 5A 20                        	MOV	EBX,DWORD [32+EDX]
   574 0000052D 85 C0                           	TEST	EAX,EAX
   575 0000052F 78 25                           	JS	L135
   576 00000531 50                              	PUSH	EAX
   577 00000532 50                              	PUSH	EAX
   578 00000533 8B 4A 10                        	MOV	ECX,DWORD [16+EDX]
   579 00000536 89 C8                           	MOV	EAX,ECX
   580 00000538 03 4D 10                        	ADD	ECX,DWORD [16+EBP]
   581 0000053B 03 45 18                        	ADD	EAX,DWORD [24+EBP]
   582 0000053E 50                              	PUSH	EAX
   583 0000053F 8B 52 0C                        	MOV	EDX,DWORD [12+EDX]
   584 00000542 89 D0                           	MOV	EAX,EDX
   585 00000544 03 55 0C                        	ADD	EDX,DWORD [12+EBP]
   586 00000547 03 45 14                        	ADD	EAX,DWORD [20+EBP]
   587 0000054A 50                              	PUSH	EAX
   588 0000054B 51                              	PUSH	ECX
   589 0000054C 52                              	PUSH	EDX
   590 0000054D 53                              	PUSH	EBX
   591 0000054E E8 FFFFFE5C                     	CALL	_sheet_refreshsub
   592 00000553 83 C4 1C                        	ADD	ESP,28
   593 00000556                                 L135:
   594 00000556 8B 5D FC                        	MOV	EBX,DWORD [-4+EBP]
   595 00000559 C9                              	LEAVE
   596 0000055A C3                              	RET
   597 0000055B                                 	GLOBAL	_sheet_slide
   598 0000055B                                 _sheet_slide:
   599 0000055B 55                              	PUSH	EBP
   600 0000055C 89 E5                           	MOV	EBP,ESP
   601 0000055E 57                              	PUSH	EDI
   602 0000055F 56                              	PUSH	ESI
   603 00000560 53                              	PUSH	EBX
   604 00000561 53                              	PUSH	EBX
   605 00000562 8B 5D 08                        	MOV	EBX,DWORD [8+EBP]
   606 00000565 8B 43 20                        	MOV	EAX,DWORD [32+EBX]
   607 00000568 8B 7B 0C                        	MOV	EDI,DWORD [12+EBX]
   608 0000056B 89 45 F0                        	MOV	DWORD [-16+EBP],EAX
   609 0000056E 8B 73 10                        	MOV	ESI,DWORD [16+EBX]
   610 00000571 8B 45 0C                        	MOV	EAX,DWORD [12+EBP]
   611 00000574 89 43 0C                        	MOV	DWORD [12+EBX],EAX
   612 00000577 8B 45 10                        	MOV	EAX,DWORD [16+EBP]
   613 0000057A 89 43 10                        	MOV	DWORD [16+EBX],EAX
   614 0000057D 83 7B 18 00                     	CMP	DWORD [24+EBX],0
   615 00000581 78 7C                           	JS	L137
   616 00000583 6A 00                           	PUSH	0
   617 00000585 89 F0                           	MOV	EAX,ESI
   618 00000587 03 43 08                        	ADD	EAX,DWORD [8+EBX]
   619 0000058A 50                              	PUSH	EAX
   620 0000058B 89 F8                           	MOV	EAX,EDI
   621 0000058D 03 43 04                        	ADD	EAX,DWORD [4+EBX]
   622 00000590 50                              	PUSH	EAX
   623 00000591 56                              	PUSH	ESI
   624 00000592 57                              	PUSH	EDI
   625 00000593 FF 75 F0                        	PUSH	DWORD [-16+EBP]
   626 00000596 E8 FFFFFCB7                     	CALL	_sheet_refreshmap
   627 0000059B 8B 45 10                        	MOV	EAX,DWORD [16+EBP]
   628 0000059E FF 73 18                        	PUSH	DWORD [24+EBX]
   629 000005A1 03 43 08                        	ADD	EAX,DWORD [8+EBX]
   630 000005A4 50                              	PUSH	EAX
   631 000005A5 8B 45 0C                        	MOV	EAX,DWORD [12+EBP]
   632 000005A8 03 43 04                        	ADD	EAX,DWORD [4+EBX]
   633 000005AB 50                              	PUSH	EAX
   634 000005AC FF 75 10                        	PUSH	DWORD [16+EBP]
   635 000005AF FF 75 0C                        	PUSH	DWORD [12+EBP]
   636 000005B2 FF 75 F0                        	PUSH	DWORD [-16+EBP]
   637 000005B5 E8 FFFFFC98                     	CALL	_sheet_refreshmap
   638 000005BA 8B 43 18                        	MOV	EAX,DWORD [24+EBX]
   639 000005BD 83 C4 30                        	ADD	ESP,48
   640 000005C0 48                              	DEC	EAX
   641 000005C1 50                              	PUSH	EAX
   642 000005C2 89 F0                           	MOV	EAX,ESI
   643 000005C4 6A 00                           	PUSH	0
   644 000005C6 03 43 08                        	ADD	EAX,DWORD [8+EBX]
   645 000005C9 50                              	PUSH	EAX
   646 000005CA 89 F8                           	MOV	EAX,EDI
   647 000005CC 03 43 04                        	ADD	EAX,DWORD [4+EBX]
   648 000005CF 50                              	PUSH	EAX
   649 000005D0 56                              	PUSH	ESI
   650 000005D1 57                              	PUSH	EDI
   651 000005D2 FF 75 F0                        	PUSH	DWORD [-16+EBP]
   652 000005D5 E8 FFFFFDD5                     	CALL	_sheet_refreshsub
   653 000005DA 8B 45 10                        	MOV	EAX,DWORD [16+EBP]
   654 000005DD FF 73 18                        	PUSH	DWORD [24+EBX]
   655 000005E0 FF 73 18                        	PUSH	DWORD [24+EBX]
   656 000005E3 03 43 08                        	ADD	EAX,DWORD [8+EBX]
   657 000005E6 50                              	PUSH	EAX
   658 000005E7 8B 45 0C                        	MOV	EAX,DWORD [12+EBP]
   659 000005EA 03 43 04                        	ADD	EAX,DWORD [4+EBX]
   660 000005ED 50                              	PUSH	EAX
   661 000005EE FF 75 10                        	PUSH	DWORD [16+EBP]
   662 000005F1 FF 75 0C                        	PUSH	DWORD [12+EBP]
   663 000005F4 FF 75 F0                        	PUSH	DWORD [-16+EBP]
   664 000005F7 E8 FFFFFDB3                     	CALL	_sheet_refreshsub
   665 000005FC 83 C4 38                        	ADD	ESP,56
   666 000005FF                                 L137:
   667 000005FF 8D 65 F4                        	LEA	ESP,DWORD [-12+EBP]
   668 00000602 5B                              	POP	EBX
   669 00000603 5E                              	POP	ESI
   670 00000604 5F                              	POP	EDI
   671 00000605 5D                              	POP	EBP
   672 00000606 C3                              	RET
   673 00000607                                 	GLOBAL	_sheet_free
   674 00000607                                 _sheet_free:
   675 00000607 55                              	PUSH	EBP
   676 00000608 89 E5                           	MOV	EBP,ESP
   677 0000060A 53                              	PUSH	EBX
   678 0000060B 8B 5D 08                        	MOV	EBX,DWORD [8+EBP]
   679 0000060E 83 7B 18 00                     	CMP	DWORD [24+EBX],0
   680 00000612 78 0A                           	JS	L140
   681 00000614 6A FF                           	PUSH	-1
   682 00000616 53                              	PUSH	EBX
   683 00000617 E8 FFFFFAC0                     	CALL	_sheet_updown
   684 0000061C 58                              	POP	EAX
   685 0000061D 5A                              	POP	EDX
   686 0000061E                                 L140:
   687 0000061E C7 43 1C 00000000               	MOV	DWORD [28+EBX],0
   688 00000625 8B 5D FC                        	MOV	EBX,DWORD [-4+EBP]
   689 00000628 C9                              	LEAVE
   690 00000629 C3                              	RET
